[Tue Feb 11 20:13:38 2025],[INFO] : test.test
